// Vitest Snapshot v1, https://vitest.dev/guide/snapshot.html

exports[`TodoItem matches snapshot 1`] = `
<DocumentFragment>
  <div
    class="flex items-center justify-between border rounded-xl px-4 py-3 shadow-sm transition
    bg-white hover:shadow-md
  "
  >
    <div
      class="flex items-center gap-3"
    >
      <input
        class="w-5 h-5"
        type="checkbox"
      />
      <p
        class="text-gray-700"
      />
    </div>
    <button
      class="text-gray-400 hover:text-red-500 transition"
    >
      🗑
    </button>
  </div>
</DocumentFragment>
`;
